// Jest Snapshot v1, https://goo.gl/fbAQLP

exports[`renders correctly 1`] = `
<button
  className="hcl-btn"
  disabled={false}
  onClick={[Function]}
  type="button"
>
  Click Me
</button>
`;
