// Jest Snapshot v1, https://goo.gl/fbAQLP

exports[`<Checkbox> component snapshots/renders Checkbox correctly 1`] = `
<div
  className="hcl-checkbox-item"
>
  <input
    checked={false}
    className="hcl-checkbox"
    disabled={false}
    id="hellocheckbox"
    onChange={[Function]}
    onKeyDown={[Function]}
    type="checkbox"
  />
  <label
    className="hcl-checkbox-label"
    htmlFor="hellocheckbox"
  >
    
  </label>
</div>
`;
