// Jest Snapshot v1, https://goo.gl/fbAQLP

exports[`<Button> component snapshots/renders Button correctly 1`] = `
<button
  className="hcl-btn  hcl-primary"
  disabled={false}
  type="button"
>
  Click Me
</button>
`;
