// Jest Snapshot v1, https://goo.gl/fbAQLP

exports[`<Modal> component snapshots/renders Modal correctly 1`] = `
<section
  className="hcl-modal"
  onKeyDown={[Function]}
  tabIndex="0"
>
  <div
    className="hcl-modal-container hcl-modal-container-lg "
  >
    <button
      aria-label="modal-close"
      className="hcl-modal-close"
      onClick={[Function]}
      type="button"
    />
    <div
      className="hcl-modal-content hcl-modal-content-lg"
    >
      <p
        className=""
      >
        Danger Modal with save and close buttons
      </p>
    </div>
  </div>
</section>
`;
