// Jest Snapshot v1, https://goo.gl/fbAQLP

exports[`<TextInput> component snapshots/renders TextInput correctly 1`] = `
<input
  className="hcl-form-control"
  disabled={false}
  onChange={[Function]}
  type="text"
  value=""
/>
`;
